GPU: NVIDIA A100-PCIE-40GB
{
  "prepared_targets": 12,
  "msa_mode": "server",
  "status": "not_run"
}
MSA server enabled: https://api.colabfold.com
MSA server authentication: no credentials provided
Checking input data.
Processing 12 inputs with 12 threads.
Generating MSA for gpu/full_inputs_12247627/CDK2.yaml with 1 protein entities.
Calling MSA server for target CDK2 with 1 sequences
MSA server URL: https://api.colabfold.com
MSA pairing strategy: greedy
No authentication provided for MSA server
Generating MSA for gpu/full_inputs_12247627/FRK.yaml with 1 protein entities.
Calling MSA server for target FRK with 1 sequences
MSA server URL: https://api.colabfold.com
MSA pairing strategy: greedy
No authentication provided for MSA server
Generating MSA for gpu/full_inputs_12247627/AURKB.yaml with 1 protein entities.
Calling MSA server for target AURKB with 1 sequences
MSA server URL: https://api.colabfold.com
MSA pairing strategy: greedy
No authentication provided for MSA server
Generating MSA for gpu/full_inputs_12247627/AURKC.yaml with 1 protein entities.
Calling MSA server for target AURKC with 1 sequences
MSA server URL: https://api.colabfold.com
MSA pairing strategy: greedy
No authentication provided for MSA server
Generating MSA for gpu/full_inputs_12247627/CSNK1D.yaml with 1 protein entities.
Generating MSA for gpu/full_inputs_12247627/CDK7.yaml with 1 protein entities.
Calling MSA server for target CDK7 with 1 sequences
MSA server URL: https://api.colabfold.com
MSA pairing strategy: greedy
No authentication provided for MSA server
Generating MSA for gpu/full_inputs_12247627/AURKA.yaml with 1 protein entities.
Calling MSA server for target AURKA with 1 sequences
MSA server URL: https://api.colabfold.com
MSA pairing strategy: greedy
No authentication provided for MSA server
Calling MSA server for target CSNK1D with 1 sequences
MSA server URL: https://api.colabfold.com
MSA pairing strategy: greedy
No authentication provided for MSA server
Generating MSA for gpu/full_inputs_12247627/GSK3B.yaml with 1 protein entities.
Calling MSA server for target GSK3B with 1 sequences
MSA server URL: https://api.colabfold.com
MSA pairing strategy: greedy
No authentication provided for MSA server
Generating MSA for gpu/full_inputs_12247627/HCK.yaml with 1 protein entities.
Calling MSA server for target HCK with 1 sequences
MSA server URL: https://api.colabfold.com
MSA pairing strategy: greedy
No authentication provided for MSA server
Generating MSA for gpu/full_inputs_12247627/LCK.yaml with 1 protein entities.
Calling MSA server for target LCK with 1 sequences
MSA server URL: https://api.colabfold.com
MSA pairing strategy: greedy
No authentication provided for MSA server
Generating MSA for gpu/full_inputs_12247627/CSNK1E.yaml with 1 protein entities.
Calling MSA server for target CSNK1E with 1 sequences
MSA server URL: https://api.colabfold.com
MSA pairing strategy: greedy
No authentication provided for MSA server
Generating MSA for gpu/full_inputs_12247627/SRC.yaml with 1 protein entities.
Calling MSA server for target SRC with 1 sequences
MSA server URL: https://api.colabfold.com
MSA pairing strategy: greedy
No authentication provided for MSA server
Running structure prediction for 12 inputs.
Predicting: |          | 0/? [00:00<?, ?it/s]Predicting:   0%|          | 0/12 [00:00<?, ?it/s]Predicting DataLoader 0:   0%|          | 0/12 [00:00<?, ?it/s]Predicting DataLoader 0:   8%|▊         | 1/12 [00:14<02:44,  0.07it/s]Predicting DataLoader 0:  17%|█▋        | 2/12 [00:42<03:31,  0.05it/s]Predicting DataLoader 0:  25%|██▌       | 3/12 [01:18<03:54,  0.04it/s]Predicting DataLoader 0:  33%|███▎      | 4/12 [01:35<03:11,  0.04it/s]Predicting DataLoader 0:  42%|████▏     | 5/12 [02:14<03:08,  0.04it/s]Predicting DataLoader 0:  50%|█████     | 6/12 [02:29<02:29,  0.04it/s]Predicting DataLoader 0:  58%|█████▊    | 7/12 [03:08<02:14,  0.04it/s]Predicting DataLoader 0:  67%|██████▋   | 8/12 [03:44<01:52,  0.04it/s]Predicting DataLoader 0:  75%|███████▌  | 9/12 [04:09<01:23,  0.04it/s]Predicting DataLoader 0:  83%|████████▎ | 10/12 [04:33<00:54,  0.04it/s]Predicting DataLoader 0:  92%|█████████▏| 11/12 [04:57<00:27,  0.04it/s]Predicting DataLoader 0: 100%|██████████| 12/12 [05:15<00:00,  0.04it/s]Number of failed examples: 0
Predicting DataLoader 0: 100%|██████████| 12/12 [05:15<00:00,  0.04it/s]
{
  "targets": 12,
  "features_per_target": 768
}
{
  "schema_version": 1,
  "pairs": 173,
  "targets": 12,
  "compounds": 34,
  "scaffolds": 33,
  "alpha": 1,
  "seed": 17,
  "scores": {
    "scaffold": {
      "mean": {
        "rmse": 0.9543024013881592,
        "mae": 0.7459524379860194,
        "r2": -0.054463189445779214,
        "spearman": -0.24369334178524132
      },
      "target_mean": {
        "rmse": 1.0002964069338498,
        "mae": 0.769340808255226,
        "r2": -0.1585554051397664,
        "spearman": -0.05893492085447429
      },
      "ligand_only": {
        "rmse": 0.9277872578171118,
        "mae": 0.7221240823370871,
        "r2": 0.0033189584658788185,
        "spearman": 0.05207617469330233
      },
      "ligand_target_id": {
        "rmse": 0.9397016248919112,
        "mae": 0.7268578611016477,
        "r2": -0.02244356447500695,
        "spearman": 0.03096112321796493
      },
      "ligand_sequence": {
        "rmse": 0.9395140139681718,
        "mae": 0.7249051280750912,
        "r2": -0.02203534461460821,
        "spearman": 0.022211946038492848
      },
      "ligand_boltz": {
        "rmse": 0.9418525095795889,
        "mae": 0.7248074925579083,
        "r2": -0.02712946684454698,
        "spearman": 0.021098161528031505
      }
    },
    "target": {
      "mean": {
        "rmse": 0.9340816482961243,
        "mae": 0.7359198246973434,
        "r2": -0.01025048920377003,
        "spearman": -0.27516478075682854
      },
      "target_mean": {
        "rmse": 0.9340816482961243,
        "mae": 0.7359198246973434,
        "r2": -0.01025048920377003,
        "spearman": -0.27516478075682854
      },
      "ligand_only": {
        "rmse": 0.8344128495311398,
        "mae": 0.6717193509275718,
        "r2": 0.19383979342476132,
        "spearman": 0.2668052830543848
      },
      "ligand_target_id": {
        "rmse": 0.8328191552465916,
        "mae": 0.6735533921601273,
        "r2": 0.19691631839105816,
        "spearman": 0.26797353985620065
      },
      "ligand_sequence": {
        "rmse": 0.7767177255406964,
        "mae": 0.6281990610963462,
        "r2": 0.30146877741793143,
        "spearman": 0.42999383708819167
      },
      "ligand_boltz": {
        "rmse": 0.7691623641928809,
        "mae": 0.6180828100966798,
        "r2": 0.3149923187842276,
        "spearman": 0.413041364627715
      }
    }
  },
  "pairs_sha256": "6bf4747efbdafd663b20edd61681bf62e083be3d23dd71413c6cfabe0600f7e9",
  "targets_sha256": "67b318fbe5539e2bde99f614e073c202332775f995be00abf9f091161564ae97",
  "boltz_status": "evaluated_actual_embeddings",
  "embedding_sha256": "9276aa9f60dea06e7744c1c6a00d2d441f4d5ff62d1edef388435b295493beff",
  "protocols": {
    "scaffold": "Five-fold grouped by nonchiral Bemis-Murcko scaffold; target overlap allowed.",
    "target": "Leave one target out; compound overlap allowed. Not a double-cold split."
  },
  "limitations": [
    "Small selected panel; pooled out-of-fold scores are descriptive, not a deployment validation.",
    "Boltz pretraining overlap is not audited; these splits protect downstream labels only.",
    "No hyperparameter search; alpha=1 is the prespecified default."
  ]
}
{
  "method": "ligand_boltz",
  "training_pairs": 173,
  "model": "models/boltz_regressor_12247627.npz"
}
FULL RUN COMPLETE
Results: results/local-boltz-12247627/report.md
Embeddings: data/features/boltz2_12247627.npz
Trained regressor: models/boltz_regressor_12247627.npz
